Godot Engine v4.7.2.stable.official.ed1daf0bf - https://godotengine.org

ERROR: Failed to read the root certificate store.
   at: get_system_ca_certificates (platform/windows/os_windows.cpp:2582)
[   0% ] first_scan_filesystem | Started Project initialization (5 steps)
[   0% ] first_scan_filesystem | Scanning file structure...
[  16% ] first_scan_filesystem | Loading global class names...
[  33% ] first_scan_filesystem | Verifying GDExtensions...
[  50% ] first_scan_filesystem | Creating autoload scripts...
[  66% ] first_scan_filesystem | Initializing plugins...
[  83% ] first_scan_filesystem | Starting file scan...
[ DONE ] first_scan_filesystem

[   0% ] update_scripts_classes | Started Registering global classes... (26 steps)
[   0% ] update_scripts_classes | 
[   3% ] update_scripts_classes | 
[   7% ] update_scripts_classes | 
[  11% ] update_scripts_classes | 
[  14% ] update_scripts_classes | 
[  18% ] update_scripts_classes | 
[  22% ] update_scripts_classes | 
[  25% ] update_scripts_classes | 
[  29% ] update_scripts_classes | 
[  33% ] update_scripts_classes | 
[  37% ] update_scripts_classes | GameProject
[  40% ] update_scripts_classes | DevelopmentSimulator
[  44% ] update_scripts_classes | PublishingSimulator
[  48% ] update_scripts_classes | ReviewSimulator
[  51% ] update_scripts_classes | SalesSimulator
[  55% ] update_scripts_classes | 
[  59% ] update_scripts_classes | 
[  62% ] update_scripts_classes | 
[  66% ] update_scripts_classes | 
[  70% ] update_scripts_classes | 
[  74% ] update_scripts_classes | 
[  77% ] update_scripts_classes | 
[  81% ] update_scripts_classes | OfficeArtwork
[  85% ] update_scripts_classes | OfficeFloorView
[  88% ] update_scripts_classes | OfficeLayout
[  92% ] update_scripts_classes | StudioRoomRenderer
[ DONE ] update_scripts_classes

[   0% ] _update_scan_actions | Started Scanning actions... (295 steps)
[   0% ] _update_scan_actions | games_1.csv
[   0% ] _update_scan_actions | games_2.csv
[   0% ] _update_scan_actions | games_3.csv
[   1% ] _update_scan_actions | games_4.csv
[   1% ] _update_scan_actions | games_5.csv
[   1% ] _update_scan_actions | games_6.csv
[   2% ] _update_scan_actions | years_1.csv
[   2% ] _update_scan_actions | years_2.csv
[   2% ] _update_scan_actions | years_3.csv
[   3% ] _update_scan_actions | years_4.csv
[   3% ] _update_scan_actions | years_5.csv
[   3% ] _update_scan_actions | years_6.csv
[   4% ] _update_scan_actions | games_1.csv
[   4% ] _update_scan_actions | games_2.csv
[   4% ] _update_scan_actions | games_3.csv
[   5% ] _update_scan_actions | games_4.csv
[   5% ] _update_scan_actions | games_5.csv
[   5% ] _update_scan_actions | games_6.csv
[   6% ] _update_scan_actions | games_7.csv
[   6% ] _update_scan_actions | games_8.csv
[   6% ] _update_scan_actions | years_1.csv
[   7% ] _update_scan_actions | years_2.csv
[   7% ] _update_scan_actions | years_3.csv
[   7% ] _update_scan_actions | years_4.csv
[   8% ] _update_scan_actions | years_5.csv
[   8% ] _update_scan_actions | years_6.csv
[   8% ] _update_scan_actions | years_7.csv
[   9% ] _update_scan_actions | years_8.csv
[   9% ] _update_scan_actions | games_1.csv
[   9% ] _update_scan_actions | games_2.csv
[  10% ] _update_scan_actions | games_3.csv
[  10% ] _update_scan_actions | games_4.csv
[  10% ] _update_scan_actions | games_5.csv
[  11% ] _update_scan_actions | games_6.csv
[  11% ] _update_scan_actions | games_7.csv
[  11% ] _update_scan_actions | games_8.csv
[  12% ] _update_scan_actions | years_1.csv
[  12% ] _update_scan_actions | years_2.csv
[  12% ] _update_scan_actions | years_3.csv
[  13% ] _update_scan_actions | years_4.csv
[  13% ] _update_scan_actions | years_5.csv
[  13% ] _update_scan_actions | years_6.csv
[  14% ] _update_scan_actions | years_7.csv
[  14% ] _update_scan_actions | years_8.csv
[  14% ] _update_scan_actions | games_1.csv
[  15% ] _update_scan_actions | games_2.csv
[  15% ] _update_scan_actions | games_3.csv
[  15% ] _update_scan_actions | games_4.csv
[  16% ] _update_scan_actions | games_5.csv
[  16% ] _update_scan_actions | games_6.csv
[  16% ] _update_scan_actions | games_7.csv
[  17% ] _update_scan_actions | games_8.csv
[  17% ] _update_scan_actions | years_1.csv
[  17% ] _update_scan_actions | years_2.csv
[  18% ] _update_scan_actions | years_3.csv
[  18% ] _update_scan_actions | years_4.csv
[  18% ] _update_scan_actions | years_5.csv
[  19% ] _update_scan_actions | years_6.csv
[  19% ] _update_scan_actions | years_7.csv
[  19% ] _update_scan_actions | years_8.csv
[  20% ] _update_scan_actions | games_1.csv
[  20% ] _update_scan_actions | games_2.csv
[  20% ] _update_scan_actions | games_3.csv
[  21% ] _update_scan_actions | games_4.csv
[  21% ] _update_scan_actions | games_5.csv
[  21% ] _update_scan_actions | games_6.csv
[  22% ] _update_scan_actions | years_1.csv
[  22% ] _update_scan_actions | years_2.csv
[  22% ] _update_scan_actions | years_3.csv
[  23% ] _update_scan_actions | years_4.csv
[  23% ] _update_scan_actions | years_5.csv
[  23% ] _update_scan_actions | years_6.csv
[  24% ] _update_scan_actions | games_1.csv
[  24% ] _update_scan_actions | games_2.csv
[  25% ] _update_scan_actions | games_3.csv
[  25% ] _update_scan_actions | games_4.csv
[  25% ] _update_scan_actions | games_5.csv
[  26% ] _update_scan_actions | games_6.csv
[  26% ] _update_scan_actions | games_7.csv
[  26% ] _update_scan_actions | games_8.csv
[  27% ] _update_scan_actions | years_1.csv
[  27% ] _update_scan_actions | years_2.csv
[  27% ] _update_scan_actions | years_3.csv
[  28% ] _update_scan_actions | years_4.csv
[  28% ] _update_scan_actions | years_5.csv
[  28% ] _update_scan_actions | years_6.csv
[  29% ] _update_scan_actions | years_7.csv
[  29% ] _update_scan_actions | years_8.csv
[  29% ] _update_scan_actions | games_1.csv
[  30% ] _update_scan_actions | games_2.csv
[  30% ] _update_scan_actions | years_1.csv
[  30% ] _update_scan_actions | years_2.csv
[  31% ] _update_scan_actions | games_1.csv
[  31% ] _update_scan_actions | games_2.csv
[  31% ] _update_scan_actions | games_3.csv
[  32% ] _update_scan_actions | games_4.csv
[  32% ] _update_scan_actions | games_5.csv
[  32% ] _update_scan_actions | games_6.csv
[  33% ] _update_scan_actions | years_1.csv
[  33% ] _update_scan_actions | years_2.csv
[  33% ] _update_scan_actions | years_3.csv
[  34% ] _update_scan_actions | years_4.csv
[  34% ] _update_scan_actions | years_5.csv
[  34% ] _update_scan_actions | years_6.csv
[  35% ] _update_scan_actions | games_1.csv
[  35% ] _update_scan_actions | games_2.csv
[  35% ] _update_scan_actions | years_1.csv
[  36% ] _update_scan_actions | years_2.csv
[  36% ] _update_scan_actions | games_1.csv
[  36% ] _update_scan_actions | games_2.csv
[  37% ] _update_scan_actions | games_3.csv
[  37% ] _update_scan_actions | games_4.csv
[  37% ] _update_scan_actions | games_5.csv
[  38% ] _update_scan_actions | games_6.csv
[  38% ] _update_scan_actions | games_7.csv
[  38% ] _update_scan_actions | games_8.csv
[  39% ] _update_scan_actions | years_1.csv
[  39% ] _update_scan_actions | years_2.csv
[  39% ] _update_scan_actions | years_3.csv
[  40% ] _update_scan_actions | years_4.csv
[  40% ] _update_scan_actions | years_5.csv
[  40% ] _update_scan_actions | years_6.csv
[  41% ] _update_scan_actions | years_7.csv
[  41% ] _update_scan_actions | years_8.csv
[  41% ] _update_scan_actions | games_1.csv
[  42% ] _update_scan_actions | games_2.csv
[  42% ] _update_scan_actions | games_3.csv
[  42% ] _update_scan_actions | games_4.csv
[  43% ] _update_scan_actions | games_5.csv
[  43% ] _update_scan_actions | games_6.csv
[  43% ] _update_scan_actions | games_7.csv
[  44% ] _update_scan_actions | games_8.csv
[  44% ] _update_scan_actions | years_1.csv
[  44% ] _update_scan_actions | years_2.csv
[  45% ] _update_scan_actions | years_3.csv
[  45% ] _update_scan_actions | years_4.csv
[  45% ] _update_scan_actions | years_5.csv
[  46% ] _update_scan_actions | years_6.csv
[  46% ] _update_scan_actions | years_7.csv
[  46% ] _update_scan_actions | years_8.csv
[  47% ] _update_scan_actions | games_1.csv
[  47% ] _update_scan_actions | games_2.csv
[  47% ] _update_scan_actions | games_3.csv
[  48% ] _update_scan_actions | games_4.csv
[  48% ] _update_scan_actions | games_5.csv
[  48% ] _update_scan_actions | games_6.csv
[  49% ] _update_scan_actions | games_7.csv
[  49% ] _update_scan_actions | games_8.csv
[  50% ] _update_scan_actions | years_1.csv
[  50% ] _update_scan_actions | years_2.csv
[  50% ] _update_scan_actions | years_3.csv
[  51% ] _update_scan_actions | years_4.csv
[  51% ] _update_scan_actions | years_5.csv
[  51% ] _update_scan_actions | years_6.csv
[  52% ] _update_scan_actions | years_7.csv
[  52% ] _update_scan_actions | years_8.csv
[  52% ] _update_scan_actions | games_1.csv
[  53% ] _update_scan_actions | games_2.csv
[  53% ] _update_scan_actions | games_3.csv
[  53% ] _update_scan_actions | games_4.csv
[  54% ] _update_scan_actions | games_5.csv
[  54% ] _update_scan_actions | games_6.csv
[  54% ] _update_scan_actions | games_7.csv
[  55% ] _update_scan_actions | games_8.csv
[  55% ] _update_scan_actions | years_1.csv
[  55% ] _update_scan_actions | years_2.csv
[  56% ] _update_scan_actions | years_3.csv
[  56% ] _update_scan_actions | years_4.csv
[  56% ] _update_scan_actions | years_5.csv
[  57% ] _update_scan_actions | years_6.csv
[  57% ] _update_scan_actions | years_7.csv
[  57% ] _update_scan_actions | years_8.csv
[  58% ] _update_scan_actions | games_1.csv
[  58% ] _update_scan_actions | games_2.csv
[  58% ] _update_scan_actions | games_3.csv
[  59% ] _update_scan_actions | games_4.csv
[  59% ] _update_scan_actions | games_5.csv
[  59% ] _update_scan_actions | games_6.csv
[  60% ] _update_scan_actions | games_7.csv
[  60% ] _update_scan_actions | games_8.csv
[  60% ] _update_scan_actions | years_1.csv
[  61% ] _update_scan_actions | years_2.csv
[  61% ] _update_scan_actions | years_3.csv
[  61% ] _update_scan_actions | years_4.csv
[  62% ] _update_scan_actions | years_5.csv
[  62% ] _update_scan_actions | years_6.csv
[  62% ] _update_scan_actions | years_7.csv
[  63% ] _update_scan_actions | years_8.csv
[  63% ] _update_scan_actions | games_1.csv
[  63% ] _update_scan_actions | games_2.csv
[  64% ] _update_scan_actions | games_3.csv
[  64% ] _update_scan_actions | games_4.csv
[  64% ] _update_scan_actions | games_5.csv
[  65% ] _update_scan_actions | games_6.csv
[  65% ] _update_scan_actions | games_7.csv
[  65% ] _update_scan_actions | games_8.csv
[  66% ] _update_scan_actions | years_1.csv
[  66% ] _update_scan_actions | years_2.csv
[  66% ] _update_scan_actions | years_3.csv
[  67% ] _update_scan_actions | years_4.csv
[  67% ] _update_scan_actions | years_5.csv
[  67% ] _update_scan_actions | years_6.csv
[  68% ] _update_scan_actions | years_7.csv
[  68% ] _update_scan_actions | years_8.csv
[  68% ] _update_scan_actions | games_1.csv
[  69% ] _update_scan_actions | games_2.csv
[  69% ] _update_scan_actions | games_3.csv
[  69% ] _update_scan_actions | games_4.csv
[  70% ] _update_scan_actions | games_5.csv
[  70% ] _update_scan_actions | games_6.csv
[  70% ] _update_scan_actions | games_7.csv
[  71% ] _update_scan_actions | games_8.csv
[  71% ] _update_scan_actions | years_1.csv
[  71% ] _update_scan_actions | years_2.csv
[  72% ] _update_scan_actions | years_3.csv
[  72% ] _update_scan_actions | years_4.csv
[  72% ] _update_scan_actions | years_5.csv
[  73% ] _update_scan_actions | years_6.csv
[  73% ] _update_scan_actions | years_7.csv
[  73% ] _update_scan_actions | years_8.csv
[  74% ] _update_scan_actions | games_1.csv
[  74% ] _update_scan_actions | games_2.csv
[  75% ] _update_scan_actions | games_3.csv
[  75% ] _update_scan_actions | games_4.csv
[  75% ] _update_scan_actions | games_5.csv
[  76% ] _update_scan_actions | games_6.csv
[  76% ] _update_scan_actions | games_7.csv
[  76% ] _update_scan_actions | games_8.csv
[  77% ] _update_scan_actions | years_1.csv
[  77% ] _update_scan_actions | years_2.csv
[  77% ] _update_scan_actions | years_3.csv
[  78% ] _update_scan_actions | years_4.csv
[  78% ] _update_scan_actions | years_5.csv
[  78% ] _update_scan_actions | years_6.csv
[  79% ] _update_scan_actions | years_7.csv
[  79% ] _update_scan_actions | years_8.csv
[  79% ] _update_scan_actions | games_1.csv
[  80% ] _update_scan_actions | games_2.csv
[  80% ] _update_scan_actions | games_3.csv
[  80% ] _update_scan_actions | games_4.csv
[  81% ] _update_scan_actions | games_5.csv
[  81% ] _update_scan_actions | games_6.csv
[  81% ] _update_scan_actions | games_7.csv
[  82% ] _update_scan_actions | games_8.csv
[  82% ] _update_scan_actions | years_1.csv
[  82% ] _update_scan_actions | years_2.csv
[  83% ] _update_scan_actions | years_3.csv
[  83% ] _update_scan_actions | years_4.csv
[  83% ] _update_scan_actions | years_5.csv
[  84% ] _update_scan_actions | years_6.csv
[  84% ] _update_scan_actions | years_7.csv
[  84% ] _update_scan_actions | years_8.csv
[  85% ] _update_scan_actions | games_1.csv
[  85% ] _update_scan_actions | games_2.csv
[  85% ] _update_scan_actions | years_1.csv
[  86% ] _update_scan_actions | years_2.csv
[  86% ] _update_scan_actions | games_1.csv
[  86% ] _update_scan_actions | games_2.csv
[  87% ] _update_scan_actions | games_3.csv
[  87% ] _update_scan_actions | games_4.csv
[  87% ] _update_scan_actions | games_5.csv
[  88% ] _update_scan_actions | games_6.csv
[  88% ] _update_scan_actions | games_7.csv
[  88% ] _update_scan_actions | games_8.csv
[  89% ] _update_scan_actions | years_1.csv
[  89% ] _update_scan_actions | years_2.csv
[  89% ] _update_scan_actions | years_3.csv
[  90% ] _update_scan_actions | years_4.csv
[  90% ] _update_scan_actions | years_5.csv
[  90% ] _update_scan_actions | years_6.csv
[  91% ] _update_scan_actions | years_7.csv
[  91% ] _update_scan_actions | years_8.csv
[  91% ] _update_scan_actions | games_1.csv
[  92% ] _update_scan_actions | years_1.csv
[  92% ] _update_scan_actions | games_1.csv
[  92% ] _update_scan_actions | games_2.csv
[  93% ] _update_scan_actions | games_3.csv
[  93% ] _update_scan_actions | years_1.csv
[  93% ] _update_scan_actions | years_2.csv
[  94% ] _update_scan_actions | years_3.csv
[  94% ] _update_scan_actions | bedroom-menu-portrait.png
[  94% ] _update_scan_actions | bedroom-menu-wide.png
[  95% ] _update_scan_actions | bedroom-portrait.png
[  95% ] _update_scan_actions | bedroom-wide.png
[  95% ] _update_scan_actions | office-menu-portrait.png
[  96% ] _update_scan_actions | office-menu-wide.png
[  96% ] _update_scan_actions | ten-person-menu-portrait.png
[  96% ] _update_scan_actions | ten-person-menu-wide.png
[  97% ] _update_scan_actions | ten-person-portrait.png
[  97% ] _update_scan_actions | ten-person-wide.png
[  97% ] _update_scan_actions | bedroom-scrolled.png
[  98% ] _update_scan_actions | bedroom.png
[  98% ] _update_scan_actions | development.png
[  98% ] _update_scan_actions | ten-person-scrolled.png
[  99% ] _update_scan_actions | ten-person.png
[ DONE ] _update_scan_actions

[   0% ] reimport | Started (Re)Importing Assets (295 steps)
[   0% ] reimport | Preparing files to reimport...
[   0% ] reimport | Preparing files to reimport...
[   0% ] reimport | Preparing files to reimport...
[   1% ] reimport | Preparing files to reimport...
[   1% ] reimport | Preparing files to reimport...
[   1% ] reimport | Preparing files to reimport...
[   2% ] reimport | Preparing files to reimport...
[   2% ] reimport | Preparing files to reimport...
[   2% ] reimport | Preparing files to reimport...
[   3% ] reimport | Preparing files to reimport...
[   3% ] reimport | Preparing files to reimport...
[   3% ] reimport | Preparing files to reimport...
[   4% ] reimport | Preparing files to reimport...
[   4% ] reimport | Preparing files to reimport...
[   4% ] reimport | Preparing files to reimport...
[   5% ] reimport | Preparing files to reimport...
[   5% ] reimport | Preparing files to reimport...
[   5% ] reimport | Preparing files to reimport...
[   6% ] reimport | Preparing files to reimport...
[   6% ] reimport | Preparing files to reimport...
[   6% ] reimport | Preparing files to reimport...
[   7% ] reimport | Preparing files to reimport...
[   7% ] reimport | Preparing files to reimport...
[   7% ] reimport | Preparing files to reimport...
[   8% ] reimport | Preparing files to reimport...
[   8% ] reimport | Preparing files to reimport...
[   8% ] reimport | Preparing files to reimport...
[   9% ] reimport | Preparing files to reimport...
[   9% ] reimport | Preparing files to reimport...
[   9% ] reimport | Preparing files to reimport...
[  10% ] reimport | Preparing files to reimport...
[  10% ] reimport | Preparing files to reimport...
[  10% ] reimport | Preparing files to reimport...
[  11% ] reimport | Preparing files to reimport...
[  11% ] reimport | Preparing files to reimport...
[  11% ] reimport | Preparing files to reimport...
[  12% ] reimport | Preparing files to reimport...
[  12% ] reimport | Preparing files to reimport...
[  12% ] reimport | Preparing files to reimport...
[  13% ] reimport | Preparing files to reimport...
[  13% ] reimport | Preparing files to reimport...
[  13% ] reimport | Preparing files to reimport...
[  14% ] reimport | Preparing files to reimport...
[  14% ] reimport | Preparing files to reimport...
[  14% ] reimport | Preparing files to reimport...
[  15% ] reimport | Preparing files to reimport...
[  15% ] reimport | Preparing files to reimport...
[  15% ] reimport | Preparing files to reimport...
[  16% ] reimport | Preparing files to reimport...
[  16% ] reimport | Preparing files to reimport...
[  16% ] reimport | Preparing files to reimport...
[  17% ] reimport | Preparing files to reimport...
[  17% ] reimport | Preparing files to reimport...
[  17% ] reimport | Preparing files to reimport...
[  18% ] reimport | Preparing files to reimport...
[  18% ] reimport | Preparing files to reimport...
[  18% ] reimport | Preparing files to reimport...
[  19% ] reimport | Preparing files to reimport...
[  19% ] reimport | Preparing files to reimport...
[  19% ] reimport | Preparing files to reimport...
[  20% ] reimport | Preparing files to reimport...
[  20% ] reimport | Preparing files to reimport...
[  20% ] reimport | Preparing files to reimport...
[  21% ] reimport | Preparing files to reimport...
[  21% ] reimport | Preparing files to reimport...
[  21% ] reimport | Preparing files to reimport...
[  22% ] reimport | Preparing files to reimport...
[  22% ] reimport | Preparing files to reimport...
[  22% ] reimport | Preparing files to reimport...
[  23% ] reimport | Preparing files to reimport...
[  23% ] reimport | Preparing files to reimport...
[  23% ] reimport | Preparing files to reimport...
[  24% ] reimport | Preparing files to reimport...
[  24% ] reimport | Preparing files to reimport...
[  25% ] reimport | Preparing files to reimport...
[  25% ] reimport | Preparing files to reimport...
[  25% ] reimport | Preparing files to reimport...
[  26% ] reimport | Preparing files to reimport...
[  26% ] reimport | Preparing files to reimport...
[  26% ] reimport | Preparing files to reimport...
[  27% ] reimport | Preparing files to reimport...
[  27% ] reimport | Preparing files to reimport...
[  27% ] reimport | Preparing files to reimport...
[  28% ] reimport | Preparing files to reimport...
[  28% ] reimport | Preparing files to reimport...
[  28% ] reimport | Preparing files to reimport...
[  29% ] reimport | Preparing files to reimport...
[  29% ] reimport | Preparing files to reimport...
[  29% ] reimport | Preparing files to reimport...
[  30% ] reimport | Preparing files to reimport...
[  30% ] reimport | Preparing files to reimport...
[  30% ] reimport | Preparing files to reimport...
[  31% ] reimport | Preparing files to reimport...
[  31% ] reimport | Preparing files to reimport...
[  31% ] reimport | Preparing files to reimport...
[  32% ] reimport | Preparing files to reimport...
[  32% ] reimport | Preparing files to reimport...
[  32% ] reimport | Preparing files to reimport...
[  33% ] reimport | Preparing files to reimport...
[  33% ] reimport | Preparing files to reimport...
[  33% ] reimport | Preparing files to reimport...
[  34% ] reimport | Preparing files to reimport...
[  34% ] reimport | Preparing files to reimport...
[  34% ] reimport | Preparing files to reimport...
[  35% ] reimport | Preparing files to reimport...
[  35% ] reimport | Preparing files to reimport...
[  35% ] reimport | Preparing files to reimport...
[  36% ] reimport | Preparing files to reimport...
[  36% ] reimport | Preparing files to reimport...
[  36% ] reimport | Preparing files to reimport...
[  37% ] reimport | Preparing files to reimport...
[  37% ] reimport | Preparing files to reimport...
[  37% ] reimport | Preparing files to reimport...
[  38% ] reimport | Preparing files to reimport...
[  38% ] reimport | Preparing files to reimport...
[  38% ] reimport | Preparing files to reimport...
[  39% ] reimport | Preparing files to reimport...
[  39% ] reimport | Preparing files to reimport...
[  39% ] reimport | Preparing files to reimport...
[  40% ] reimport | Preparing files to reimport...
[  40% ] reimport | Preparing files to reimport...
[  40% ] reimport | Preparing files to reimport...
[  41% ] reimport | Preparing files to reimport...
[  41% ] reimport | Preparing files to reimport...
[  41% ] reimport | Preparing files to reimport...
[  42% ] reimport | Preparing files to reimport...
[  42% ] reimport | Preparing files to reimport...
[  42% ] reimport | Preparing files to reimport...
[  43% ] reimport | Preparing files to reimport...
[  43% ] reimport | Preparing files to reimport...
[  43% ] reimport | Preparing files to reimport...
[  44% ] reimport | Preparing files to reimport...
[  44% ] reimport | Preparing files to reimport...
[  44% ] reimport | Preparing files to reimport...
[  45% ] reimport | Preparing files to reimport...
[  45% ] reimport | Preparing files to reimport...
[  45% ] reimport | Preparing files to reimport...
[  46% ] reimport | Preparing files to reimport...
[  46% ] reimport | Preparing files to reimport...
[  46% ] reimport | Preparing files to reimport...
[  47% ] reimport | Preparing files to reimport...
[  47% ] reimport | Preparing files to reimport...
[  47% ] reimport | Preparing files to reimport...
[  48% ] reimport | Preparing files to reimport...
[  48% ] reimport | Preparing files to reimport...
[  48% ] reimport | Preparing files to reimport...
[  49% ] reimport | Preparing files to reimport...
[  49% ] reimport | Preparing files to reimport...
[  50% ] reimport | Preparing files to reimport...
[  50% ] reimport | Preparing files to reimport...
[  50% ] reimport | Preparing files to reimport...
[  51% ] reimport | Preparing files to reimport...
[  51% ] reimport | Preparing files to reimport...
[  51% ] reimport | Preparing files to reimport...
[  52% ] reimport | Preparing files to reimport...
[  52% ] reimport | Preparing files to reimport...
[  52% ] reimport | Preparing files to reimport...
[  53% ] reimport | Preparing files to reimport...
[  53% ] reimport | Preparing files to reimport...
[  53% ] reimport | Preparing files to reimport...
[  54% ] reimport | Preparing files to reimport...
[  54% ] reimport | Preparing files to reimport...
[  54% ] reimport | Preparing files to reimport...
[  55% ] reimport | Preparing files to reimport...
[  55% ] reimport | Preparing files to reimport...
[  55% ] reimport | Preparing files to reimport...
[  56% ] reimport | Preparing files to reimport...
[  56% ] reimport | Preparing files to reimport...
[  56% ] reimport | Preparing files to reimport...
[  57% ] reimport | Preparing files to reimport...
[  57% ] reimport | Preparing files to reimport...
[  57% ] reimport | Preparing files to reimport...
[  58% ] reimport | Preparing files to reimport...
[  58% ] reimport | Preparing files to reimport...
[  58% ] reimport | Preparing files to reimport...
[  59% ] reimport | Preparing files to reimport...
[  59% ] reimport | Preparing files to reimport...
[  59% ] reimport | Preparing files to reimport...
[  60% ] reimport | Preparing files to reimport...
[  60% ] reimport | Preparing files to reimport...
[  60% ] reimport | Preparing files to reimport...
[  61% ] reimport | Preparing files to reimport...
[  61% ] reimport | Preparing files to reimport...
[  61% ] reimport | Preparing files to reimport...
[  62% ] reimport | Preparing files to reimport...
[  62% ] reimport | Preparing files to reimport...
[  62% ] reimport | Preparing files to reimport...
[  63% ] reimport | Preparing files to reimport...
[  63% ] reimport | Preparing files to reimport...
[  63% ] reimport | Preparing files to reimport...
[  64% ] reimport | Preparing files to reimport...
[  64% ] reimport | Preparing files to reimport...
[  64% ] reimport | Preparing files to reimport...
[  65% ] reimport | Preparing files to reimport...
[  65% ] reimport | Preparing files to reimport...
[  65% ] reimport | Preparing files to reimport...
[  66% ] reimport | Preparing files to reimport...
[  66% ] reimport | Preparing files to reimport...
[  66% ] reimport | Preparing files to reimport...
[  67% ] reimport | Preparing files to reimport...
[  67% ] reimport | Preparing files to reimport...
[  67% ] reimport | Preparing files to reimport...
[  68% ] reimport | Preparing files to reimport...
[  68% ] reimport | Preparing files to reimport...
[  68% ] reimport | Preparing files to reimport...
[  69% ] reimport | Preparing files to reimport...
[  69% ] reimport | Preparing files to reimport...
[  69% ] reimport | Preparing files to reimport...
[  70% ] reimport | Preparing files to reimport...
[  70% ] reimport | Preparing files to reimport...
[  70% ] reimport | Preparing files to reimport...
[  71% ] reimport | Preparing files to reimport...
[  71% ] reimport | Preparing files to reimport...
[  71% ] reimport | Preparing files to reimport...
[  72% ] reimport | Preparing files to reimport...
[  72% ] reimport | Preparing files to reimport...
[  72% ] reimport | Preparing files to reimport...
[  73% ] reimport | Preparing files to reimport...
[  73% ] reimport | Preparing files to reimport...
[  73% ] reimport | Preparing files to reimport...
[  74% ] reimport | Preparing files to reimport...
[  74% ] reimport | Preparing files to reimport...
[  75% ] reimport | Preparing files to reimport...
[  75% ] reimport | Preparing files to reimport...
[  75% ] reimport | Preparing files to reimport...
[  76% ] reimport | Preparing files to reimport...
[  76% ] reimport | Preparing files to reimport...
[  76% ] reimport | Preparing files to reimport...
[  77% ] reimport | Preparing files to reimport...
[  77% ] reimport | Preparing files to reimport...
[  77% ] reimport | Preparing files to reimport...
[  78% ] reimport | Preparing files to reimport...
[  78% ] reimport | Preparing files to reimport...
[  78% ] reimport | Preparing files to reimport...
[  79% ] reimport | Preparing files to reimport...
[  79% ] reimport | Preparing files to reimport...
[  79% ] reimport | Preparing files to reimport...
[  80% ] reimport | Preparing files to reimport...
[  80% ] reimport | Preparing files to reimport...
[  80% ] reimport | Preparing files to reimport...
[  81% ] reimport | Preparing files to reimport...
[  81% ] reimport | Preparing files to reimport...
[  81% ] reimport | Preparing files to reimport...
[  82% ] reimport | Preparing files to reimport...
[  82% ] reimport | Preparing files to reimport...
[  82% ] reimport | Preparing files to reimport...
[  83% ] reimport | Preparing files to reimport...
[  83% ] reimport | Preparing files to reimport...
[  83% ] reimport | Preparing files to reimport...
[  84% ] reimport | Preparing files to reimport...
[  84% ] reimport | Preparing files to reimport...
[  84% ] reimport | Preparing files to reimport...
[  85% ] reimport | Preparing files to reimport...
[  85% ] reimport | Preparing files to reimport...
[  85% ] reimport | Preparing files to reimport...
[  86% ] reimport | Preparing files to reimport...
[  86% ] reimport | Preparing files to reimport...
[  86% ] reimport | Preparing files to reimport...
[  87% ] reimport | Preparing files to reimport...
[  87% ] reimport | Preparing files to reimport...
[  87% ] reimport | Preparing files to reimport...
[  88% ] reimport | Preparing files to reimport...
[  88% ] reimport | Preparing files to reimport...
[  88% ] reimport | Preparing files to reimport...
[  89% ] reimport | Preparing files to reimport...
[  89% ] reimport | Preparing files to reimport...
[  89% ] reimport | Preparing files to reimport...
[  90% ] reimport | Preparing files to reimport...
[  90% ] reimport | Preparing files to reimport...
[  90% ] reimport | Preparing files to reimport...
[  91% ] reimport | Preparing files to reimport...
[  91% ] reimport | Preparing files to reimport...
[  91% ] reimport | Preparing files to reimport...
[  92% ] reimport | Preparing files to reimport...
[  92% ] reimport | Preparing files to reimport...
[  92% ] reimport | Preparing files to reimport...
[  93% ] reimport | Preparing files to reimport...
[  93% ] reimport | Preparing files to reimport...
[  93% ] reimport | Preparing files to reimport...
[  94% ] reimport | Preparing files to reimport...
[  94% ] reimport | Preparing files to reimport...
[  94% ] reimport | Preparing files to reimport...
[  95% ] reimport | Preparing files to reimport...
[  95% ] reimport | Preparing files to reimport...
[  95% ] reimport | Preparing files to reimport...
[  96% ] reimport | Preparing files to reimport...
[  96% ] reimport | Preparing files to reimport...
[  96% ] reimport | Preparing files to reimport...
[  97% ] reimport | Preparing files to reimport...
[  97% ] reimport | Preparing files to reimport...
[  97% ] reimport | Preparing files to reimport...
[  98% ] reimport | Preparing files to reimport...
[  98% ] reimport | Preparing files to reimport...
[  98% ] reimport | Preparing files to reimport...
[  99% ] reimport | Preparing files to reimport...
[   0% ] reimport | Executing pre-reimport operations...
[   0% ] reimport | games_4.csv
[   0% ] reimport | games_3.csv
[   0% ] reimport | games_2.csv
[   1% ] reimport | games_1.csv
[   1% ] reimport | years_8.csv
[   1% ] reimport | years_7.csv
[   2% ] reimport | years_6.csv
[   2% ] reimport | years_5.csv
[   2% ] reimport | years_4.csv
[   3% ] reimport | years_3.csv
[   3% ] reimport | years_2.csv
[   3% ] reimport | years_1.csv
[   4% ] reimport | games_8.csv
[   4% ] reimport | games_7.csv
[   4% ] reimport | games_6.csv
[   5% ] reimport | games_5.csv
[   5% ] reimport | games_4.csv
[   5% ] reimport | games_6.csv
[   6% ] reimport | games_5.csv
[   6% ] reimport | games_4.csv
[   6% ] reimport | games_3.csv
[   7% ] reimport | games_2.csv
[   7% ] reimport | games_1.csv
[   7% ] reimport | years_8.csv
[   8% ] reimport | years_7.csv
[   8% ] reimport | years_6.csv
[   8% ] reimport | years_5.csv
[   9% ] reimport | years_4.csv
[   9% ] reimport | years_3.csv
[   9% ] reimport | years_2.csv
[  10% ] reimport | years_1.csv
[  10% ] reimport | games_8.csv
[  10% ] reimport | games_7.csv
[  11% ] reimport | games_6.csv
[  11% ] reimport | games_5.csv
[  11% ] reimport | games_1.csv
[  12% ] reimport | years_8.csv
[  12% ] reimport | years_7.csv
[  12% ] reimport | years_6.csv
[  13% ] reimport | years_5.csv
[  13% ] reimport | years_4.csv
[  13% ] reimport | years_3.csv
[  14% ] reimport | years_2.csv
[  14% ] reimport | years_1.csv
[  14% ] reimport | games_8.csv
[  15% ] reimport | games_7.csv
[  15% ] reimport | games_6.csv
[  15% ] reimport | games_5.csv
[  16% ] reimport | games_4.csv
[  16% ] reimport | games_3.csv
[  16% ] reimport | games_2.csv
[  17% ] reimport | games_1.csv
[  17% ] reimport | games_3.csv
[  17% ] reimport | games_2.csv
[  18% ] reimport | games_1.csv
[  18% ] reimport | years_8.csv
[  18% ] reimport | years_7.csv
[  19% ] reimport | years_6.csv
[  19% ] reimport | years_5.csv
[  19% ] reimport | years_4.csv
[  20% ] reimport | years_3.csv
[  20% ] reimport | years_2.csv
[  20% ] reimport | years_1.csv
[  21% ] reimport | games_8.csv
[  21% ] reimport | games_7.csv
[  21% ] reimport | games_6.csv
[  22% ] reimport | games_5.csv
[  22% ] reimport | games_4.csv
[  22% ] reimport | games_3.csv
[  23% ] reimport | games_2.csv
[  23% ] reimport | games_6.csv
[  23% ] reimport | games_5.csv
[  24% ] reimport | games_4.csv
[  24% ] reimport | games_3.csv
[  25% ] reimport | games_2.csv
[  25% ] reimport | games_1.csv
[  25% ] reimport | years_2.csv
[  26% ] reimport | years_1.csv
[  26% ] reimport | games_2.csv
[  26% ] reimport | games_1.csv
[  27% ] reimport | years_8.csv
[  27% ] reimport | years_7.csv
[  27% ] reimport | years_6.csv
[  28% ] reimport | years_5.csv
[  28% ] reimport | years_4.csv
[  28% ] reimport | years_3.csv
[  29% ] reimport | years_2.csv
[  29% ] reimport | years_3.csv
[  29% ] reimport | years_2.csv
[  30% ] reimport | years_1.csv
[  30% ] reimport | games_3.csv
[  30% ] reimport | games_2.csv
[  31% ] reimport | games_1.csv
[  31% ] reimport | years_1.csv
[  31% ] reimport | games_1.csv
[  32% ] reimport | years_8.csv
[  32% ] reimport | years_7.csv
[  32% ] reimport | years_6.csv
[  33% ] reimport | years_5.csv
[  33% ] reimport | years_4.csv
[  33% ] reimport | years_3.csv
[  34% ] reimport | years_2.csv
[  34% ] reimport | years_1.csv
[  34% ] reimport | games_8.csv
[  35% ] reimport | games_7.csv
[  35% ] reimport | games_7.csv
[  35% ] reimport | games_6.csv
[  36% ] reimport | games_5.csv
[  36% ] reimport | games_4.csv
[  36% ] reimport | games_3.csv
[  37% ] reimport | games_2.csv
[  37% ] reimport | games_1.csv
[  37% ] reimport | years_8.csv
[  38% ] reimport | years_7.csv
[  38% ] reimport | years_6.csv
[  38% ] reimport | years_5.csv
[  39% ] reimport | years_4.csv
[  39% ] reimport | years_3.csv
[  39% ] reimport | years_2.csv
[  40% ] reimport | years_1.csv
[  40% ] reimport | games_8.csv
[  40% ] reimport | games_7.csv
[  41% ] reimport | years_1.csv
[  41% ] reimport | games_8.csv
[  41% ] reimport | games_7.csv
[  42% ] reimport | games_6.csv
[  42% ] reimport | games_5.csv
[  42% ] reimport | games_4.csv
[  43% ] reimport | games_3.csv
[  43% ] reimport | games_2.csv
[  43% ] reimport | games_1.csv
[  44% ] reimport | years_8.csv
[  44% ] reimport | years_7.csv
[  44% ] reimport | years_6.csv
[  45% ] reimport | years_5.csv
[  45% ] reimport | years_4.csv
[  45% ] reimport | years_3.csv
[  46% ] reimport | years_2.csv
[  46% ] reimport | years_1.csv
[  46% ] reimport | games_8.csv
[  47% ] reimport | games_8.csv
[  47% ] reimport | games_7.csv
[  47% ] reimport | games_6.csv
[  48% ] reimport | games_5.csv
[  48% ] reimport | games_4.csv
[  48% ] reimport | games_3.csv
[  49% ] reimport | games_2.csv
[  49% ] reimport | games_1.csv
[  50% ] reimport | years_8.csv
[  50% ] reimport | years_7.csv
[  50% ] reimport | years_6.csv
[  51% ] reimport | years_5.csv
[  51% ] reimport | years_4.csv
[  51% ] reimport | years_3.csv
[  52% ] reimport | years_2.csv
[  52% ] reimport | years_1.csv
[  52% ] reimport | games_8.csv
[  53% ] reimport | years_4.csv
[  53% ] reimport | years_3.csv
[  53% ] reimport | years_2.csv
[  54% ] reimport | years_1.csv
[  54% ] reimport | games_6.csv
[  54% ] reimport | games_5.csv
[  55% ] reimport | games_4.csv
[  55% ] reimport | games_3.csv
[  55% ] reimport | games_2.csv
[  56% ] reimport | games_1.csv
[  56% ] reimport | years_8.csv
[  56% ] reimport | years_7.csv
[  57% ] reimport | years_6.csv
[  57% ] reimport | years_5.csv
[  57% ] reimport | years_4.csv
[  58% ] reimport | years_3.csv
[  58% ] reimport | years_2.csv
[  58% ] reimport | years_1.csv
[  59% ] reimport | games_5.csv
[  59% ] reimport | games_4.csv
[  59% ] reimport | games_3.csv
[  60% ] reimport | games_2.csv
[  60% ] reimport | games_1.csv
[  60% ] reimport | years_6.csv
[  61% ] reimport | years_5.csv
[  61% ] reimport | years_4.csv
[  61% ] reimport | years_3.csv
[  62% ] reimport | years_2.csv
[  62% ] reimport | years_1.csv
[  62% ] reimport | games_6.csv
[  63% ] reimport | games_5.csv
[  63% ] reimport | games_4.csv
[  63% ] reimport | games_3.csv
[  64% ] reimport | games_2.csv
[  64% ] reimport | games_1.csv
[  64% ] reimport | games_7.csv
[  65% ] reimport | games_6.csv
[  65% ] reimport | games_5.csv
[  65% ] reimport | games_4.csv
[  66% ] reimport | games_3.csv
[  66% ] reimport | games_2.csv
[  66% ] reimport | games_1.csv
[  67% ] reimport | years_8.csv
[  67% ] reimport | years_7.csv
[  67% ] reimport | years_6.csv
[  68% ] reimport | years_5.csv
[  68% ] reimport | years_4.csv
[  68% ] reimport | years_3.csv
[  69% ] reimport | years_2.csv
[  69% ] reimport | years_1.csv
[  69% ] reimport | games_8.csv
[  70% ] reimport | games_7.csv
[  70% ] reimport | games_6.csv
[  70% ] reimport | years_6.csv
[  71% ] reimport | years_5.csv
[  71% ] reimport | years_4.csv
[  71% ] reimport | years_3.csv
[  72% ] reimport | years_2.csv
[  72% ] reimport | years_1.csv
[  72% ] reimport | games_8.csv
[  73% ] reimport | games_7.csv
[  73% ] reimport | games_6.csv
[  73% ] reimport | games_5.csv
[  74% ] reimport | games_4.csv
[  74% ] reimport | games_3.csv
[  75% ] reimport | games_2.csv
[  75% ] reimport | games_1.csv
[  75% ] reimport | years_2.csv
[  76% ] reimport | years_1.csv
[  76% ] reimport | games_2.csv
[  76% ] reimport | years_8.csv
[  77% ] reimport | years_7.csv
[  77% ] reimport | years_6.csv
[  77% ] reimport | years_5.csv
[  78% ] reimport | years_4.csv
[  78% ] reimport | years_3.csv
[  78% ] reimport | years_2.csv
[  79% ] reimport | years_1.csv
[  79% ] reimport | games_8.csv
[  79% ] reimport | games_7.csv
[  80% ] reimport | games_6.csv
[  80% ] reimport | games_5.csv
[  80% ] reimport | games_4.csv
[  81% ] reimport | games_3.csv
[  81% ] reimport | games_2.csv
[  81% ] reimport | games_1.csv
[  82% ] reimport | years_8.csv
[  82% ] reimport | years_7.csv
[  82% ] reimport | years_7.csv
[  83% ] reimport | years_6.csv
[  83% ] reimport | years_5.csv
[  83% ] reimport | years_4.csv
[  84% ] reimport | years_3.csv
[  84% ] reimport | years_2.csv
[  84% ] reimport | years_1.csv
[  85% ] reimport | games_8.csv
[  85% ] reimport | games_7.csv
[  85% ] reimport | games_6.csv
[  86% ] reimport | games_5.csv
[  86% ] reimport | games_4.csv
[  86% ] reimport | games_3.csv
[  87% ] reimport | games_2.csv
[  87% ] reimport | games_1.csv
[  87% ] reimport | years_6.csv
[  88% ] reimport | years_5.csv
[  88% ] reimport | games_1.csv
[  88% ] reimport | years_6.csv
[  89% ] reimport | years_5.csv
[  89% ] reimport | years_4.csv
[  89% ] reimport | years_3.csv
[  90% ] reimport | years_2.csv
[  90% ] reimport | years_1.csv
[  90% ] reimport | games_6.csv
[  91% ] reimport | games_5.csv
[  91% ] reimport | games_4.csv
[  91% ] reimport | games_3.csv
[  92% ] reimport | games_2.csv
[  92% ] reimport | games_1.csv
[  92% ] reimport | years_2.csv
[  93% ] reimport | years_1.csv
[  93% ] reimport | games_2.csv
[  93% ] reimport | games_1.csv
[  94% ] reimport | years_8.csv
[  94% ] reimport | games_4.csv
[  94% ] reimport | games_3.csv
[  95% ] reimport | games_2.csv
[  95% ] reimport | games_1.csv
[  95% ] reimport | years_8.csv
[  96% ] reimport | years_7.csv
[  96% ] reimport | years_6.csv
[  96% ] reimport | years_5.csv
[  97% ] reimport | years_4.csv
[  97% ] reimport | years_3.csv
[  97% ] reimport | years_2.csv
[  98% ] reimport | years_1.csv
[  98% ] reimport | games_8.csv
[  98% ] reimport | games_7.csv
[  99% ] reimport | games_6.csv
[  99% ] reimport | Finalizing Asset Import...
[ DONE ] reimport

[   0% ] reimport | Started (Re)Importing Assets (295 steps)
[   0% ] reimport | Executing post-reimport operations...
[ DONE ] reimport

[   0% ] loading_editor_layout | Started Loading editor (5 steps)
[   0% ] loading_editor_layout | Loading editor layout...
[  16% ] loading_editor_layout | Loading docks...
[ DONE ] loading_editor_layout

